[2026-02-07 13:28:08,941] 1025 httpx -  INFO - HTTP Request: GET https://dagshub.com/api/v1/user "HTTP/1.1 200 OK"
[2026-02-07 13:28:08,946] 107 dagshub -  INFO - Accessing as Sriram14890
[2026-02-07 13:28:09,763] 1025 httpx -  INFO - HTTP Request: GET https://dagshub.com/api/v1/repos/Sriram14890/NetworkSecurity "HTTP/1.1 200 OK"
[2026-02-07 13:28:10,538] 1025 httpx -  INFO - HTTP Request: GET https://dagshub.com/api/v1/user "HTTP/1.1 200 OK"
[2026-02-07 13:28:10,540] 107 dagshub -  INFO - Initialized MLflow to track repo "Sriram14890/NetworkSecurity"
[2026-02-07 13:28:10,542] 107 dagshub -  INFO - Repository Sriram14890/NetworkSecurity initialized!
[2026-02-07 13:28:10,545] 90 root -  INFO - Training pipeline started
[2026-02-07 13:28:10,545] 34 root -  INFO - Start Data Ingestion.
[2026-02-07 13:28:12,479] 65 root -  INFO - Performed train test split on the dataframe
[2026-02-07 13:28:12,479] 67 root -  INFO - Exited split_data_as_train_test method of Data_Ingestion class
[2026-02-07 13:28:12,479] 75 root -  INFO - Exporting train and test file path.
[2026-02-07 13:28:12,606] 84 root -  INFO - Exported train and test file path.
[2026-02-07 13:28:12,606] 37 root -  INFO - Data Ingestion Completed.
[2026-02-07 13:28:12,607] 45 root -  INFO - Data Validation Started.
[2026-02-07 13:28:12,644] 34 root -  INFO - Required number of columns:2
[2026-02-07 13:28:12,644] 35 root -  INFO - Data frame has columns:31
[2026-02-07 13:28:12,644] 34 root -  INFO - Required number of columns:2
[2026-02-07 13:28:12,644] 35 root -  INFO - Data frame has columns:31
[2026-02-07 13:28:12,821] 49 root -  INFO - Data Validation Completed.
[2026-02-07 13:28:12,822] 57 root -  INFO - Data Transformation Started.
[2026-02-07 13:28:12,822] 45 root -  INFO - Entered initiate_data_transformation method of DataTransformation class
[2026-02-07 13:28:12,822] 47 root -  INFO - Starting Data Transformation
[2026-02-07 13:28:12,852] 34 root -  INFO - Entered the get_data_transformation_object method of DataTransformation class
[2026-02-07 13:28:12,852] 37 root -  INFO - Initialised KNN Imputer with {'missing_values': nan, 'n_neighbors': 3, 'weights': 'uniform'}
[2026-02-07 13:28:12,875] 61 root -  INFO - Data Transformation Completed.
[2026-02-07 13:28:12,875] 69 root -  INFO - Model Trainer Started.
[2026-02-07 13:28:39,117] 104 root -  INFO - Best model selected: RandomForest
[2026-02-07 13:29:11,549] 158 root -  INFO - Model trained with 30 features
[2026-02-07 13:29:11,551] 73 root -  INFO - Model Trainer Completed.
[2026-02-07 13:29:11,551] 93 root -  INFO - Training pipeline completed successfully
